2025-09-26T03:12:27 | touched: scripts/deploy.js
2026-01-02T17:14:18 | touched: LICENSE
2026-01-03T16:08:07 | touched: scripts/deploy.js
2025-03-09T01:02:54 | touched: contracts/Ipfsstorage.sol
2025-05-20T18:22:41 | touched: package.json
2025-05-23T19:27:00 | touched: LICENSE
2025-06-06T05:20:01 | touched: scripts/deploy.js
2025-09-25T16:22:33 | touched: contracts/Ipfsstorage.sol
2025-05-20T08:58:42 | touched: package.json
2025-09-03T18:42:45 | touched: scripts/deploy.js
2025-07-28T15:46:44 | touched: scripts/deploy.js
2025-06-28T13:24:56 | touched: test/Ipfsstorage.test.js
2025-02-28T01:55:31 | touched: contracts/Ipfsstorage.sol
2025-03-27T19:58:32 | touched: hardhat.config.js
2025-09-16T02:15:09 | touched: .env.example
2025-11-25T18:04:02 | touched: .env.example
2025-10-08T19:59:48 | touched: contracts/Ipfsstorage.sol
2025-07-30T13:52:41 | touched: hardhat.config.js
2025-05-12T15:44:10 | touched: README.md
2025-10-30T20:36:53 | touched: test/Ipfsstorage.test.js
2025-01-31T10:14:15 | touched: hardhat.config.js
2025-05-01T21:03:49 | touched: contracts/Ipfsstorage.sol
2025-06-13T06:09:51 | touched: test/Ipfsstorage.test.js
2025-03-29T20:19:59 | touched: .env.example
2025-06-05T05:46:04 | touched: scripts/deploy.js
2025-06-03T18:06:11 | touched: README.md
